// Jest Snapshot v1, https://goo.gl/fbAQLP

exports[`migrator:getHistory works as expected 1`] = `
Array [
  Object {
    "appliedAt": 2020-01-01T00:00:00.000Z,
    "appliedBy": "Jest",
    "dirty": false,
    "executionTime": 0,
    "hash": "",
    "id": 1,
    "revertedBy": null,
    "state": "applied",
    "title": "",
    "type": "do",
    "version": "01",
  },
  Object {
    "appliedAt": 2020-01-01T00:00:00.000Z,
    "appliedBy": "Jest",
    "dirty": false,
    "executionTime": 0,
    "hash": "",
    "id": 2,
    "revertedBy": 5,
    "state": "reverted",
    "title": "",
    "type": "do",
    "version": "02",
  },
  Object {
    "appliedAt": 2020-01-01T00:00:00.000Z,
    "appliedBy": "Jest",
    "dirty": false,
    "executionTime": 0,
    "hash": "",
    "id": 3,
    "revertedBy": 4,
    "state": "reverted",
    "title": "",
    "type": "do",
    "version": "03",
  },
  Object {
    "appliedAt": 2020-01-01T00:00:00.000Z,
    "appliedBy": "Jest",
    "dirty": false,
    "executionTime": 0,
    "hash": "",
    "id": 4,
    "revertedBy": null,
    "state": "applied",
    "title": "",
    "type": "undo",
    "version": "03",
  },
  Object {
    "appliedAt": 2020-01-01T00:00:00.000Z,
    "appliedBy": "Jest",
    "dirty": false,
    "executionTime": 0,
    "hash": "",
    "id": 5,
    "revertedBy": null,
    "state": "applied",
    "title": "",
    "type": "undo",
    "version": "02",
  },
]
`;
